---
source: src/render/mod.rs
expression: "to_dot(&g, &opts)"
---
digraph SkillTree {
    rankdir = "LR";
    "o/r#4" [label="#4: D", shape=box, style=filled, fillcolor="#dddddd", URL="https://github.com/o/r/issues/4", tooltip="State: OPEN"];
    subgraph "cluster_compiler-frontend" {
        label = "Frontend";
        style = "rounded";
        "o/r#1" [label="#1: A", shape=box, style=filled, fillcolor="#dddddd", URL="https://github.com/o/r/issues/1", tooltip="State: OPEN"];
        "o/r#3" [label="#3: C", shape=box, style=filled, fillcolor="#dddddd", URL="https://github.com/o/r/issues/3", tooltip="State: OPEN"];
    }
    subgraph "cluster_compiler-mir" {
        label = "MIR";
        style = "rounded";
        "o/r#2" [label="#2: B", shape=box, style=filled, fillcolor="#dddddd", URL="https://github.com/o/r/issues/2", tooltip="State: OPEN"];
    }
}
